#-----------------------------------------------------------
# Vivado v2019.1 (64-bit)
# SW Build 2552052 on Fri May 24 14:49:42 MDT 2019
# IP Build 2548770 on Fri May 24 18:01:18 MDT 2019
# Start of session at: Thu Nov 24 16:45:46 2022
# Process ID: 9212
# Current directory: G:/Srilatha - Manipal/M.E - Embedded Systems/4. ACA/Lab/Verilog Programs/ACA_Assignment2/ACA_Lab_Assignment2
# Command line: vivado.exe -gui_launcher_event rodinguilauncherevent3644 G:\Srilatha - Manipal\M.E - Embedded Systems\4. ACA\Lab\Verilog Programs\ACA_Assignment2\ACA_Lab_Assignment2\ACA_Lab_Assignment2.xpr
# Log file: G:/Srilatha - Manipal/M.E - Embedded Systems/4. ACA/Lab/Verilog Programs/ACA_Assignment2/ACA_Lab_Assignment2/vivado.log
# Journal file: G:/Srilatha - Manipal/M.E - Embedded Systems/4. ACA/Lab/Verilog Programs/ACA_Assignment2/ACA_Lab_Assignment2\vivado.jou
#-----------------------------------------------------------
start_gui
open_project {G:/Srilatha - Manipal/M.E - Embedded Systems/4. ACA/Lab/Verilog Programs/ACA_Assignment2/ACA_Lab_Assignment2/ACA_Lab_Assignment2.xpr}
update_compile_order -fileset sources_1
close [ open {G:/Srilatha - Manipal/M.E - Embedded Systems/4. ACA/Lab/Verilog Programs/ACA_Assignment2/ACA_Lab_Assignment2/ACA_Lab_Assignment2.srcs/sources_1/new/mux_using_decoder.v} w ]
add_files {{G:/Srilatha - Manipal/M.E - Embedded Systems/4. ACA/Lab/Verilog Programs/ACA_Assignment2/ACA_Lab_Assignment2/ACA_Lab_Assignment2.srcs/sources_1/new/mux_using_decoder.v}}
update_compile_order -fileset sources_1
# Disabling source management mode.  This is to allow the top design properties to be set without GUI intervention.
set_property source_mgmt_mode None [current_project]
set_property top mux_using_decoder [current_fileset]
# Re-enabling previously disabled source management mode.
set_property source_mgmt_mode All [current_project]
update_compile_order -fileset sources_1
set_property SOURCE_SET sources_1 [get_filesets sim_1]
close [ open {G:/Srilatha - Manipal/M.E - Embedded Systems/4. ACA/Lab/Verilog Programs/ACA_Assignment2/ACA_Lab_Assignment2/ACA_Lab_Assignment2.srcs/sim_1/new/tb_mux_to_decoder.v} w ]
add_files -fileset sim_1 {{G:/Srilatha - Manipal/M.E - Embedded Systems/4. ACA/Lab/Verilog Programs/ACA_Assignment2/ACA_Lab_Assignment2/ACA_Lab_Assignment2.srcs/sim_1/new/tb_mux_to_decoder.v}}
update_compile_order -fileset sim_1
# Disabling source management mode.  This is to allow the top design properties to be set without GUI intervention.
set_property source_mgmt_mode None [current_project]
set_property top tb_mux_to_decoder [get_filesets sim_1]
set_property top_lib xil_defaultlib [get_filesets sim_1]
# Re-enabling previously disabled source management mode.
set_property source_mgmt_mode All [current_project]
update_compile_order -fileset sim_1
launch_simulation
launch_simulation
launch_simulation
launch_simulation
source tb_mux_to_decoder.tcl
close_sim
