#-----------------------------------------------------------
# Vivado v2019.1 (64-bit)
# SW Build 2552052 on Fri May 24 14:49:42 MDT 2019
# IP Build 2548770 on Fri May 24 18:01:18 MDT 2019
# Start of session at: Thu Nov 24 13:55:35 2022
# Process ID: 1616
# Current directory: G:/Srilatha - Manipal/M.E - Embedded Systems/4. ACA/Lab/Verilog Programs/ACA_Assignment2/ACA_Lab_Assignment2
# Command line: vivado.exe -gui_launcher_event rodinguilauncherevent18764 G:\Srilatha - Manipal\M.E - Embedded Systems\4. ACA\Lab\Verilog Programs\ACA_Assignment2\ACA_Lab_Assignment2\ACA_Lab_Assignment2.xpr
# Log file: G:/Srilatha - Manipal/M.E - Embedded Systems/4. ACA/Lab/Verilog Programs/ACA_Assignment2/ACA_Lab_Assignment2/vivado.log
# Journal file: G:/Srilatha - Manipal/M.E - Embedded Systems/4. ACA/Lab/Verilog Programs/ACA_Assignment2/ACA_Lab_Assignment2\vivado.jou
#-----------------------------------------------------------
start_gui
open_project {G:/Srilatha - Manipal/M.E - Embedded Systems/4. ACA/Lab/Verilog Programs/ACA_Assignment2/ACA_Lab_Assignment2/ACA_Lab_Assignment2.xpr}
update_compile_order -fileset sources_1
# Disabling source management mode.  This is to allow the top design properties to be set without GUI intervention.
set_property source_mgmt_mode None [current_project]
set_property top four_bit_FA [current_fileset]
# Re-enabling previously disabled source management mode.
set_property source_mgmt_mode All [current_project]
update_compile_order -fileset sources_1
# Disabling source management mode.  This is to allow the top design properties to be set without GUI intervention.
set_property source_mgmt_mode None [current_project]
set_property top tb_four_bit_fa [get_filesets sim_1]
set_property top_lib xil_defaultlib [get_filesets sim_1]
# Re-enabling previously disabled source management mode.
set_property source_mgmt_mode All [current_project]
update_compile_order -fileset sim_1
launch_simulation
source tb_four_bit_fa.tcl
close_sim
# Disabling source management mode.  This is to allow the top design properties to be set without GUI intervention.
set_property source_mgmt_mode None [current_project]
set_property top tb_full_adder [get_filesets sim_1]
set_property top_lib xil_defaultlib [get_filesets sim_1]
# Re-enabling previously disabled source management mode.
set_property source_mgmt_mode All [current_project]
update_compile_order -fileset sim_1
launch_simulation
source tb_full_adder.tcl
close_sim
